// Jest Snapshot v1, https://goo.gl/fbAQLP

exports[`TableWithoutHeader Component Should match snapshot 1`] = `
<div>
  <div
    class="chakra-table__container css-cvn5rz"
  >
    <table
      class="chakra-table css-0"
    >
      <tbody
        class="css-0"
      >
        <tr
          class="css-0"
        >
          <td
            class="css-1g7ry2m"
          >
            1
          </td>
          <td
            class="css-1g7ry2m"
          >
            2 March 2021, 13:45 PM
          </td>
          <td
            class="css-1g7ry2m"
          >
            $100.00
          </td>
          <td
            class="css-1g7ry2m"
          >
            Paid
          </td>
        </tr>
      </tbody>
    </table>
  </div>
</div>
`;
