// Jest Snapshot v1, https://goo.gl/fbAQLP

exports[`Pagination render Should match snapshot. 1`] = `
<div>
  <div
    class="css-13mwgsm"
  >
    <div
      class="css-70qvj9"
    >
      <p
        class="chakra-text css-ghb6lk"
      />
    </div>
    <div
      class="css-69i1ev"
    >
      <button
        class="chakra-button css-1umnp0x"
        disabled=""
        title="prev-button"
        type="button"
      >
        <svg
          class="chakra-icon css-1r59igl"
          fill="none"
          focusable="false"
          height="14"
          viewBox="0 0 21 14"
          width="21"
        >
          <path
            d="M20.6761 2.48803L11.2361 12.952C10.8521 13.4 10.1481 13.4 9.76415 12.952L0.324149 2.48803C-0.283851 1.81603 0.164149 0.728027 1.06015 0.728027L19.9401 0.728027C20.8361 0.728027 21.2841 1.81603 20.6761 2.48803Z"
            fill="currentColor"
          />
        </svg>
      </button>
      <div
        class="css-j2at52"
      >
        <button
          class="chakra-button css-18o81ng"
          disabled=""
          title="page-1"
          type="button"
        >
          1
        </button>
        <button
          class="chakra-button css-c1bazq"
          title="page-2"
          type="button"
        >
          2
        </button>
        <button
          class="chakra-button css-c1bazq"
          title="page-3"
          type="button"
        >
          3
        </button>
        <button
          class="chakra-button css-1541j2i"
          disabled=""
          title="page-..."
          type="button"
        >
          ...
        </button>
        <button
          class="chakra-button css-c1bazq"
          title="page-4"
          type="button"
        >
          4
        </button>
      </div>
      <button
        class="chakra-button css-1umnp0x"
        disabled=""
        title="next-button"
        type="button"
      >
        <svg
          class="chakra-icon css-178y3kn"
          fill="none"
          focusable="false"
          height="14"
          viewBox="0 0 21 14"
          width="21"
        >
          <path
            d="M20.6761 2.48803L11.2361 12.952C10.8521 13.4 10.1481 13.4 9.76415 12.952L0.324149 2.48803C-0.283851 1.81603 0.164149 0.728027 1.06015 0.728027L19.9401 0.728027C20.8361 0.728027 21.2841 1.81603 20.6761 2.48803Z"
            fill="currentColor"
          />
        </svg>
      </button>
    </div>
  </div>
</div>
`;
