// Jest Snapshot v1, https://goo.gl/fbAQLP

exports[`StudentForm should render successfully 1`] = `
<div>
  <div
    class="css-tkevr6"
  >
    <div
      class="chakra-spinner css-1y7joxr"
      title="Fallback"
    >
      <span
        class="css-8b45rq"
      >
        Loading...
      </span>
    </div>
  </div>
</div>
`;
