// Jest Snapshot v1, https://goo.gl/fbAQLP

exports[`CardMessage component should render correctly with default props 1`] = `
<div>
  <div
    class="chakra-card css-13wq1zv"
  >
    <div
      class="chakra-card__header css-17udfxa"
    >
      <div
        class="chakra-stack css-tl3ftk"
      >
        <span
          class="chakra-avatar css-1ruhx4w"
        >
          <div
            aria-label="John Doe"
            class="chakra-avatar__initials css-0"
            role="img"
          >
            JD
          </div>
        </span>
      </div>
    </div>
    <div
      class="chakra-card__body css-4xanpx"
    >
      <div
        class="css-gg4vpm"
      >
        <p
          class="chakra-text css-djt7re"
        >
          John Doe
        </p>
        <span
          class="chakra-text css-djevj3"
        >
          10:00
        </span>
      </div>
      <span
        class="chakra-text css-1hmu7y7"
      >
        Lorem ipsum dolor sit amet, consectetur adipiscing elit.
      </span>
    </div>
  </div>
</div>
`;
